Creating filesystem with 5013112 4k blocks and 1253376 inodes
Filesystem UUID: 1b5fa0df-1a72-4902-a803-68aa852571b6
Superblock backups stored on blocks: 
	32768, 98304, 163840, 229376, 294912, 819200, 884736, 1605632, 2654208, 
	4096000

Allocating group tables:   0/153       done                            
Writing inode tables:   0/153       done                            
Creating journal (32768 blocks): done
Writing superblocks and filesystem accounting information:   0/153       done

Creating filesystem with 5013112 4k blocks and 1253376 inodes
Filesystem UUID: 1ce8df53-907d-4a3f-bdeb-be8e3d1f2df1
Superblock backups stored on blocks: 
	32768, 98304, 163840, 229376, 294912, 819200, 884736, 1605632, 2654208, 
	4096000

Allocating group tables:   0/153       done                            
Writing inode tables:   0/153       done                            
Creating journal (32768 blocks): done
Writing superblocks and filesystem accounting information:   0/153       done

Creating filesystem with 5013112 4k blocks and 1253376 inodes
Filesystem UUID: 89dec9ff-2ce5-44a5-a2d5-a26154d388d0
Superblock backups stored on blocks: 
	32768, 98304, 163840, 229376, 294912, 819200, 884736, 1605632, 2654208, 
	4096000

Allocating group tables:   0/153       done                            
Writing inode tables:   0/153       done                            
Creating journal (32768 blocks): done
Writing superblocks and filesystem accounting information:   0/153       done

Creating filesystem with 5013112 4k blocks and 1253376 inodes
Filesystem UUID: 30a99adc-3854-40cc-a5d3-18cd5e14dfb6
Superblock backups stored on blocks: 
	32768, 98304, 163840, 229376, 294912, 819200, 884736, 1605632, 2654208, 
	4096000

Allocating group tables:   0/153       done                            
Writing inode tables:   0/153       done                            
Creating journal (32768 blocks): done
Writing superblocks and filesystem accounting information:   0/153       done

