Creating filesystem with 5013112 4k blocks and 1253376 inodes
Filesystem UUID: b3cbd329-fcad-4177-b21e-efcb439e2400
Superblock backups stored on blocks: 
	32768, 98304, 163840, 229376, 294912, 819200, 884736, 1605632, 2654208, 
	4096000

Allocating group tables:   0/153       done                            
Writing inode tables:   0/153       done                            
Creating journal (32768 blocks): done
Writing superblocks and filesystem accounting information:   0/153       done

Creating filesystem with 5013112 4k blocks and 1253376 inodes
Filesystem UUID: 6d7c0476-64e2-421d-b414-9bbe227eb752
Superblock backups stored on blocks: 
	32768, 98304, 163840, 229376, 294912, 819200, 884736, 1605632, 2654208, 
	4096000

Allocating group tables:   0/153       done                            
Writing inode tables:   0/153       done                            
Creating journal (32768 blocks): done
Writing superblocks and filesystem accounting information:   0/153       done

Creating filesystem with 5013112 4k blocks and 1253376 inodes
Filesystem UUID: 51edba9a-8bcb-41e1-b448-46ed6d984ddf
Superblock backups stored on blocks: 
	32768, 98304, 163840, 229376, 294912, 819200, 884736, 1605632, 2654208, 
	4096000

Allocating group tables:   0/153       done                            
Writing inode tables:   0/153       done                            
Creating journal (32768 blocks): done
Writing superblocks and filesystem accounting information:   0/153       done

Creating filesystem with 5013112 4k blocks and 1253376 inodes
Filesystem UUID: fd5c9031-8d65-4039-adfa-558dcd1e9cf9
Superblock backups stored on blocks: 
	32768, 98304, 163840, 229376, 294912, 819200, 884736, 1605632, 2654208, 
	4096000

Allocating group tables:   0/153       done                            
Writing inode tables:   0/153       done                            
Creating journal (32768 blocks): done
Writing superblocks and filesystem accounting information:   0/153       done

Creating filesystem with 5013112 4k blocks and 1253376 inodes
Filesystem UUID: a801267c-116a-4902-a829-6db6780c0e24
Superblock backups stored on blocks: 
	32768, 98304, 163840, 229376, 294912, 819200, 884736, 1605632, 2654208, 
	4096000

Allocating group tables:   0/153       done                            
Writing inode tables:   0/153       done                            
Creating journal (32768 blocks): done
Writing superblocks and filesystem accounting information:   0/153       done

Creating filesystem with 5013112 4k blocks and 1253376 inodes
Filesystem UUID: 49d80dda-6344-4741-96a2-7b6f6ec389be
Superblock backups stored on blocks: 
	32768, 98304, 163840, 229376, 294912, 819200, 884736, 1605632, 2654208, 
	4096000

Allocating group tables:   0/153       done                            
Writing inode tables:   0/153       done                            
Creating journal (32768 blocks): done
Writing superblocks and filesystem accounting information:   0/153       done

Creating filesystem with 5013112 4k blocks and 1253376 inodes
Filesystem UUID: 5ac293c0-8845-4e74-9e74-27b6aacdbe9e
Superblock backups stored on blocks: 
	32768, 98304, 163840, 229376, 294912, 819200, 884736, 1605632, 2654208, 
	4096000

Allocating group tables:   0/153       done                            
Writing inode tables:   0/153       done                            
Creating journal (32768 blocks): done
Writing superblocks and filesystem accounting information:   0/153       done

Creating filesystem with 5013112 4k blocks and 1253376 inodes
Filesystem UUID: 71e88d75-7abf-4438-b9f3-7435b4cd29c1
Superblock backups stored on blocks: 
	32768, 98304, 163840, 229376, 294912, 819200, 884736, 1605632, 2654208, 
	4096000

Allocating group tables:   0/153       done                            
Writing inode tables:   0/153       done                            
Creating journal (32768 blocks): done
Writing superblocks and filesystem accounting information:   0/153       done

Creating filesystem with 5013112 4k blocks and 1253376 inodes
Filesystem UUID: 297d827f-c7b9-41b9-b6ae-ea2a7e24f770
Superblock backups stored on blocks: 
	32768, 98304, 163840, 229376, 294912, 819200, 884736, 1605632, 2654208, 
	4096000

Allocating group tables:   0/153       done                            
Writing inode tables:   0/153       done                            
Creating journal (32768 blocks): done
Writing superblocks and filesystem accounting information:   0/153       done

Creating filesystem with 5013112 4k blocks and 1253376 inodes
Filesystem UUID: 21d3f12d-2098-4bbc-9310-57f292f32fc7
Superblock backups stored on blocks: 
	32768, 98304, 163840, 229376, 294912, 819200, 884736, 1605632, 2654208, 
	4096000

Allocating group tables:   0/153       done                            
Writing inode tables:   0/153       done                            
Creating journal (32768 blocks): done
Writing superblocks and filesystem accounting information:   0/153       done

